COMENTARIOS                                                                                                              COD_EMP         NOMBRE                              FECHA_INGRES FECHA_NACIMI CEDULA          LUGAR_EXPEDI    TELEFONOS                           DIRECCION                 CIUDAD_NACIM              ESTUDIOS                                                     EXPERIENCIA                                                  REFERENCIA                                                   TIPO            SUELDO      ACTIVO COMISION                                MIN_CUO                                 CLAVE           NIVEL REQ_IDENTIFI ULT_ACTULIZA FECH_ULT_ACTU
------------------------------------------------------------------------------------------------------------------------ --------------- ----------------------------------- ------------ ------------ --------------- --------------- ----------------------------------- ------------------------- ------------------------- ------------------------------------------------------------ ------------------------------------------------------------ ------------------------------------------------------------ --------------- ----------- ------ --------------------------------------- --------------------------------------- --------------- ----- ------------ ------------ -------------
                                                                                                                         0234            ANGELA LILIANA PENA POLO            0            0            1075280234                                                                                                                                                                                                                                                                                                     ISLERO          0           I      0.00                                    0.00                                                          1                         78546
                                                                                                                         0264            RAMIREZ YUDDY  MARITZA              0            0            1075220264                                                                                                                                                                                                                                                                                                     ISLERO          0           I      0.00                                    0.00                                                          1                         78359
                                                                                                                         0279            JOSE ARNOLD ESPINOSA MOSQUERA       0            0            1010040279                                                                                                                                                                                                                                                                                                     ISLERO          0           A      0.00                                    0.00                                                          1                         79903
                                                                                                                         0281            NORMA COSTANZA RIVERA               0            0            26430281                                                                                                                                                                                                                                                                                                       ISLERO          0           A      0.00                                    0.00                                                          1                         81105
                                                                                                                         0292            PAULA ANDREARODRIGUEZ RODRIGUEZ     0            0            1075282092                                                                                                                                                                                                                                                                                                     ISLERO          0           A      0.00                                    0.00                                                          1                         79131
                                                                                                                         0452             FRANK DAIRON CASTAÑEDA BRIÑEZ      0            0            1080930452                                                                                                                                                                                                                                                                                                     ISLERO          0           A      0.00                                    0.00                                                          1                         78553
                                                                                                                         0630            FABIAN CAMILO YASNO SOTTO           0            0            1081410630                                                                                                                                                                                                                                                                                                     ISLERO          0           I      0.00                                    0.00                                                          1                         79994
                                                                                                                         0814            HIDALGO NENCER FABIAN               0            0            1075270814                                                                                                                                                                                                                                                                                                     ISLERO          0           I      0.00                                    0.00                                                          1                         78636
                                                                                                                         0842            RODINSON CARDOSO MOLINA             0            0            80770842                                                                                                                                                                                                                                                                                                       ISLERO          0           A      0.00                                    0.00                                                          1                         81230
                                                                                                                         0853            Orbeyn Cartagena                    0            0            1075220853                                                                                                                                                                                                                                                                                                     ISLERO          0           A      0.00                                    0.00                                                          1                         78909
                                                                                                                         0866            YULI ANDREA PINEDA VARGAS           0            0            26430866                                                                                                                                                                                                                                                                                                       ISLERO          0           A      0.00                                    0.00                                                          1                         78718
                                                                                                                         0896            LEVIS ESTIVEN MORENO LOPEZ          0            0            1075270896                                                                                                                                                                                                                                                                                                     ISLERO          0           I      0.00                                    0.00                                                          1                         78558
                                                                                                                         0985            MAICOL JAVIER SAUREZ RICARDO        0            0            1075280985                                                                                                                                                                                                                                                                                                     ISLERO          0           I      0.00                                    0.00                                                          1                         78646
                                                                                                                         1098            ERMILDA MORIONES GARCES             0            0            1080261098                                                                                                                                                                                                                                                                                                     ISLERO          0           A      0.00                                    0.00                                                          1                         80698
                                                                                                                         1288            Eliana Jazmin Losada Claros         0            0            33751288                                                                                                                                                                                                                                                                                                       ISLERO          0           A      0.00                                    0.00                                                          1                         78682
                                                                                                                         1336            TATIANA ISABEL CORTES ALARCON       0            0            1075281336                                                                                                                                                                                                                                                                                                     ISLERO          0           I      0.00                                    0.00                                                          1                         80225
                                                                                                                         1373            Ana Maria Rubio Perez               0            0            1075251373                                                                                                                                                                                                                                                                                                     ISLERO          0           I      0.00                                    0.00                                                          1                         79069
                                                                                                                         2092            PAULA ANDREARODRIGUEZ RODRIGUEZ     0            0            1075282092                                                                                                                                                                                                                                                                                                     ADMINISTRADOR   0           A      0.00                                    0.00                                                          1                         79192
                                                                                                                         2118            GUILLERMO ANDRES BENITES ARDILA     0            0            1075252118                                                                                                                                                                                                                                                                                                     ISLERO          0           I      0.00                                    0.00                                                          1                         80225
                                                                                                                         2200            RICARDO ANDRES CHACON ARDILA        0            0            1075322200                                                                                                                                                                                                                                                                                                     ISLERO          0           A      0.00                                    0.00                                                          1                         81357
                                                                                                                         2207            TOVAR CUMBE FERNANDO AURELIO        0            0            1075212207                                                                                                                                                                                                                                                                                                     ISLERO          0           A      0.00                                    0.00                                                          1                         78321
                                                                                                                         2308            Faiver Arley Olaya                  0            0            1075282308                                                                                                                                                                                                                                                                                                     ISLERO          0           A      0.00                                    0.00                                                          1                         79352
                                                                                                                         2312            LUIS ESPER RIVERA QUINTERO          0            0            1079182312                                                                                                                                                                                                                                                                                                     ISLERO          0           A      0.00                                    0.00                                                          1                         80889
                                                                                                                         2634            MARIA DEL MAR MUÑOZ MUÑOZ           0            0            1075292634                                                                                                                                                                                                                                                                                                     ISLERO          0           A      0.00                                    0.00                                                          1                         79990
                                                                                                                         2646            CLAUDIA PATRICIA GOMEZ LEYTON       0            0            1116922646                                                                                                                                                                                                                                                                                                     ISLERO          0           I      0.00                                    0.00                                                          1                         80225
                                                                                                                         2856            Andres David Trujllo Bohorquez      0            0            1079182856                                                                                                                                                                                                                                                                                                     ISLERO          0           I      0.00                                    0.00                                                          1                         80225
                                                                                                                         3188            VANESSA CUMBE VARGAS                0            0            1075223188                                                                                                                                                                                                                                                                                                     ISLERO          0           A      0.00                                    0.00                                                          1                         78546
                                                                                                                         3562            YEIFERSON STIVEN CARRASCO GOMEZ     0            0            1075293562                                                                                                                                                                                                                                                                                                     ISLERO          0           A      0.00                                    0.00                                                          1                         78590
                                                                                                                         3627            DIAZ PEREZ GINA TATIANA             0            0            36313627                                                                                                                                                                                                                                                                                                       ISLERO          0           A      0.00                                    0.00                                                          1                         78321
                                                                                                                         3811            GIOVANY MOLANO BERMEO               0            0            1080183811                                                                                                                                                                                                                                                                                                     ISLERO          0           A      0.00                                    0.00                                                          1                         79321
                                                                                                                         3923            Edinson Bustos Calderon             0            0            1075263923                                                                                                                                                                                                                                                                                                     ISLERO          0           A      0.00                                    0.00                                                          1                         78578
                                                                                                                         3983            POLANIA PERDOMO FABIAN              0            0            7713983                                                                                                                                                                                                                                                                                                        ISLERO          0           A      0.00                                    0.00                                                          1                         78321
                                                                                                                         4050            KELLY JOHANA PINZON GUTIERREZ       0            0            1075234050                                                                                                                                                                                                                                                                                                     ISLERO          0           A      0.00                                    0.00                                                          1                         78749
                                                                                                                         4057            Jonathan Camilo Orjuela             0            0            1003864057                                                                                                                                                                                                                                                                                                     ISLERO          0           I      0.00                                    0.00                                                          1                         79838
                                                                                                                         4252            Alejandra Maria Fierro              0            0            36384252                                                                                                                                                                                                                                                                                                       ISLERO          0           I      0.00                                    0.00                                                          1                         80344
                                                                                                                         4366            CRISTIAN CAMILO GARCIA              0            0            1075304366                                                                                                                                                                                                                                                                                                     ISLERO          0           A      0.00                                    0.00                                                          1                         80631
                                                                                                                         4544            JESUS DANIEL MEJIA RIOS             0            0            1075274544                                                                                                                                                                                                                                                                                                     ISLERO          0           A      0.00                                    0.00                                                          1                         78742
                                                                                                                         4720            BLANCA NELLY ARIAS                  0            0            36304720                                                                                                                                                                                                                                                                                                       ISLERO          0           A      0.00                                    0.00                                                          1                         78739
                                                                                                                         4733            SANDOBAL ELIZABETH                  0            0            36314733                                                                                                                                                                                                                                                                                                       ISLERO          0           I      0.00                                    0.00                                                          1                         78501
                                                                                                                         4755            JULIAN ESTEBAN CORDOBA              0            0            1003894755                                                                                                                                                                                                                                                                                                     ISLERO          0           A      0.00                                    0.00                                                          1                         80922
                                                                                                                         4876            OLIVERA JHON FREDY                  0            0            1075214876                                                                                                                                                                                                                                                                                                     ISLERO          0           I      0.00                                    0.00                                                          1                         78359
                                                                                                                         4953            PAULO ANDRES ANDRADE MOLANO         0            0            1075294953                                                                                                                                                                                                                                                                                                     ISLERO          0           A      0.00                                    0.00                                                          1                         78682
                                                                                                                         4962            JUAN FELIPE JARABA                  0            0            1004304962                                                                                                                                                                                                                                                                                                     ISLERO          0           A      0.00                                    0.00                                                          1                         81202
                                                                                                                         5086            PEÑA MARIO ALBERTO                  0            0            1075245086                                                                                                                                                                                                                                                                                                     ISLERO          0           I      0.00                                    0.00                                                          1                         78558
                                                                                                                         5169            TOLEDO JHOAN SEBASTIAN              0            0            1075255169                                                                                                                                                                                                                                                                                                     ISLERO          0           I      0.00                                    0.00                                                          1                         78359
                                                                                                                         5200            GOMEZ DIAZ ANDRES FELIPE            0            0            1143945200                                                                                                                                                                                                                                                                                                     ISLERO          0           A      0.00                                    0.00                                                          1                         78321
                                                                                                                         5259            JOHAN ALEXIS ESQUIVEL BUESAQUILLO	  0            0            1075225259                                                                                                                                                                                                                                                                                                     ISLERO          0           A      0.00                                    0.00                                                          1                         81264
                                                                                                                         5273            VARGAS GALINDO CARLOS ANDRES        0            0            1075245273                                                                                                                                                                                                                                                                                                     ISLERO          0           I      0.00                                    0.00                                                          1                         78501
                                                                                                                         5418            TOVAR JUAN CAMILO                   0            0            1075215418                                                                                                                                                                                                                                                                                                     ISLERO          0           I      0.00                                    0.00                                                          1                         78359
                                                                                                                         5586            anngie lorena zapata muñoz          0            0            1075275586                                                                                                                                                                                                                                                                                                     ISLERO          0           A      0.00                                    0.00                                                          1                         80344
                                                                                                                         5849            Gloria Constanza Otalora            0            0            26425849                                                                                                                                                                                                                                                                                                       ISLERO          0           A      0.00                                    0.00                                                          1                         80373
                                                                                                                         5921            SUSANA LOZADA TOVAR                 0            0            26425921                                                                                                                                                                                                                                                                                                       ISLERO          0           A      0.00                                    0.00                                                          1                         78576
                                                                                                                         6217            KARLA DANIELA ANDRADE CALDERON      0            0            1075296217                                                                                                                                                                                                                                                                                                     ISLERO          0           A      0.00                                    0.00                                                          1                         80344
                                                                                                                         6399            MAYRA VIVIANA LESAMA LOSADA         0            0            1075246399                                                                                                                                                                                                                                                                                                     ISLERO          0           A      0.00                                    0.00                                                          1                         80288
                                                                                                                         6873            Angie Carolina dussan               0            0            1120376873                                                                                                                                                                                                                                                                                                     ISLERO          0           I      0.00                                    0.00                                                          1                         80225
                                                                                                                         6887            ALEXANDRA CORREDOR GAVIRIA          0            0            52306887                                                                                                                                                                                                                                                                                                       ISLERO          0           A      0.00                                    0.00                                                          1                         80224
                                                                                                                         6957            MARIA FERNANDA CAMACHO              0            0            1075316957                                                                                                                                                                                                                                                                                                     ISLERO          0           A      0.00                                    0.00                                                          1                         81019
                                                                                                                         7346            LUZ ADRIANA LLANOS MOYANO           0            0            1075257346                                                                                                                                                                                                                                                                                                     ISLERO          0           A      0.00                                    0.00                                                          1                         78668
                                                                                                                         7432             JONNY ARLEY CHARRY CUBILLOS        0            0            1075227432                                                                                                                                                                                                                                                                                                     ISLERO          0           I      0.00                                    0.00                                                          1                         78630
                                                                                                                         7458            Jefferson Burbano Medina            0            0            1006027458                                                                                                                                                                                                                                                                                                     ISLERO          0           A      0.00                                    0.00                                                          1                         79881
                                                                                                                         7492            RAMIREZ CLAUDIA                     0            0            1075237492                                                                                                                                                                                                                                                                                                     ISLERO          0           I      0.00                                    0.00                                                          1                         80225
                                                                                                                         7592            LOPEZ CHAVARRO MARIA JIMENA         0            0            36347592                                                                                                                                                                                                                                                                                                       ISLERO          0           A      0.00                                    0.00                                                          1                         78321
                                                                                                                         8569            PEÑA BASTIDAS    OLMEDO             0            0            12128569                                                                                                                                                                                                                                                                                                       ISLERO          0           A      0.00                                    0.00                                                          1                         78321
                                                                                                                         8806            Daniel Sanchez Morales              0            0            1079508806                                                                                                                                                                                                                                                                                                     ISLERO          0           A      0.00                                    0.00                                                          1                         79889
                                                                                                                         8817            VELASCO QUIROGA CARLOS              0            0            12128817                                                                                                                                                                                                                                                                                                       ISLERO          0           A      0.00                                    0.00                                                          1                         78321
                                                                                                                         8947            ISIS OLMOS                          0            0            38288947                                                                                                                                                                                                                                                                                                       ISLERO          0           A      0.00                                    0.00                                                          1                         78328
                                                                                                                         9059            YUDDY ALEJANDRA DIAZ ROSSO          0            0            1075259059                                                                                                                                                                                                                                                                                                     ISLERO          0           A      0.00                                    0.00                                                          1                         78360
                                                                                                                         9108            LUIS  CASTRILLON  CAÑON             0            0            1069749108                                                                                                                                                                                                                                                                                                     ISLERO          0           A      0.00                                    0.00                                                          1                         81296
                                                                                                                         9280            ZULAY VIVIANA NINCO TORRES          0            0            36309280                                                                                                                                                                                                                                                                                                       ISLERO          0           A      0.00                                    0.00                                                          1                         80721
                                                                                                                         9281            JHON ESLEIDER CANO CARVAJAL         0            0            1083909281                                                                                                                                                                                                                                                                                                     ISLERO          0           I      0.00                                    0.00                                                          1                         80225
                                                                                                                         9494            MARCELA GONZALES                    0            0            1083889494                                                                                                                                                                                                                                                                                                     ISLERO          0           A      0.00                                    0.00                                                          1                         80094
                                                                                                                         9998            JEISON FABIAN CARRERO VARGAS        0            0            1081729998                                                                                                                                                                                                                                                                                                     ISLERO          0           A      0.00                                    0.00                                                          1                         80019

(72 filas afectadas)

