
insert into Empleado (Codigo, Nombre, IdEstado)
values
('0234',           'ANGELA LILIANA PENA POLO',0), 
('0264',           'RAMIREZ YUDDY  MARITZA',0),  
('0279',           'JOSE ARNOLD ESPINOSA MOSQUERA',0),    
('0281',           'NORMA COSTANZA RIVERA',0),   
('0292',           'PAULA ANDREARODRIGUEZ RODRIGUEZ',0), 
('0452',            'FRANK DAIRON CASTAÑEDA BRIÑEZ',0),  
('0630',           'FABIAN CAMILO YASNO SOTTO',0),  
('0814',           'HIDALGO NENCER FABIAN',0),             
('0842',           'RODINSON CARDOSO MOLINA',0),     
('0853',           'Orbeyn Cartagena',0),                
('0866',           'YULI ANDREA PINEDA VARGAS',0),   
('0896',           'LEVIS ESTIVEN MORENO LOPEZ',0), 
('0985',           'MAICOL JAVIER SAUREZ RICARDO',0),   
('1098',           'ERMILDA MORIONES GARCES',0),   
('1288',           'Eliana Jazmin Losada Claros',0),   
('1336',           'TATIANA ISABEL CORTES ALARCON',0),      
('1373',           'Ana Maria Rubio Perez',0),            
('2092',           'PAULA ANDREARODRIGUEZ RODRIGUEZ',0),    
('2118',           'GUILLERMO ANDRES BENITES ARDILA',0),    
('2200',           'RICARDO ANDRES CHACON ARDILA',0),        
('2207',           'TOVAR CUMBE FERNANDO AURELIO',0),       
('2308',          'Faiver Arley Olaya',0), 
('2312',           'LUIS ESPER RIVERA QUINTERO',0), 
('2634',           'MARIA DEL MAR MUÑOZ MUÑOZ',0), 
('2646',           'CLAUDIA PATRICIA GOMEZ LEYTON',0), 
('2856',           'Andres David Trujllo Bohorquez',0), 
('3188',           'VANESSA CUMBE VARGAS',0), 
('3562',           'YEIFERSON STIVEN CARRASCO GOMEZ',0), 
('3627',           'DIAZ PEREZ GINA TATIANA',0), 
('3811',           'GIOVANY MOLANO BERMEO',0), 
('3923',           'Edinson Bustos Calderon',0), 
('3983',           'POLANIA PERDOMO FABIAN',0), 
('4050',           'KELLY JOHANA PINZON GUTIERREZ',0), 
('4057',           'Jonathan Camilo Orjuela',0), 
('4252',           'Alejandra Maria Fierro',0), 
('4366',           'CRISTIAN CAMILO GARCIA',0),  
('4544',           'JESUS DANIEL MEJIA RIOS',0),     
('4720',           'BLANCA NELLY ARIAS',0),   
('4733',           'SANDOBAL ELIZABETH',0),  
('4755',           'JULIAN ESTEBAN CORDOBA',0),   
('4876',           'OLIVERA JHON FREDY',0), 
('4953',           'PAULO ANDRES ANDRADE MOLANO',0),     
('4962',           'JUAN FELIPE JARABA',0),               
('5086',           'PEÑA MARIO ALBERTO',0),              
('5169',           'TOLEDO JHOAN SEBASTIAN',0),           
('5200',           'GOMEZ DIAZ ANDRES FELIPE',0),         
('5259',           'JOHAN ALEXIS ESQUIVEL BUESAQUILLO',0), 	  
('5273',           'VARGAS GALINDO CARLOS ANDRES',0),       
('5418',           'TOVAR JUAN CAMILO',0),                
('5586',           'anngie lorena zapata muñoz',0),    
('5849',           'Gloria Constanza Otalora',0),    
('5921',           'SUSANA LOZADA TOVAR',0),             
('6217',           'KARLA DANIELA ANDRADE CALDERON',0),     
('6399',           'MAYRA VIVIANA LESAMA LOSADA',0),         
('6873',           'Angie Carolina dussan',0),            
('6887',          'ALEXANDRA CORREDOR GAVIRIA',0),        
('6957',           'MARIA FERNANDA CAMACHO',0),         
('7346',           'LUZ ADRIANA LLANOS MOYANO',0),    
('7432',            'JONNY ARLEY CHARRY CUBILLOS',0),        
('7458',           'Jefferson Burbano Medina',0),         
('7492',           'RAMIREZ CLAUDIA',0),          
('7592',           'LOPEZ CHAVARRO MARIA JIMENA',0),      
('8569',           'PEÑA BASTIDAS OLMEDO',0),    
('8806',           'Daniel Sanchez Morales',0),          
('8817',           'VELASCO QUIROGA CARLOS',0),            
 ('8947',           'ISIS OLMOS',0),                  
  ('9059',           'YUDDY ALEJANDRA DIAZ ROSSO',0),      
  ('9108',           'LUIS  CASTRILLON  CAÑON',0),      
  ('9280',           'ZULAY VIVIANA NINCO TORRES',0),       
  ('9281',           'JHON ESLEIDER CANO CARVAJAL',0),     
  ('9494',           'MARCELA GONZALES',0),
   ('9998',           'JEISON FABIAN CARRERO VARGAS',0)